[    0.0000] Linux version 4.15.0-23-geric build@lgw01-amd64-055) (gcc version 7.3.0 (Ubuntu 7.3.0-16ubuntu3)) #25-Ubuntu SMP Wed May 23 18:02:16 UTC 28 (Ubuu 4.15.0-225-genic 4.15.18)
[    0.000000] Command line: BOOT_IMAGE=/boot/vmlinuz-4.15.0-23-generic rot=LABEL=cloudimg-rootfs ro console=tty1cosole=tS0
[  0.000000] KNEL supported cpus:
[  0.0000]   Intel GenuineIntel
[   0.00000]   AMD AuthenticAMD
[    0.000000]   Centaur CentaurHauls
[    0.000000] x86fpu: SportinXSAVEeatue x001:x87 floating point regiser'
[  0.0000] x86/fpu: Supporting XSAVE feature 0x002: 'SSE registers'
[    0.000000] x86/fpu: Supporting XSAVE feature 0x004: 'AVX registers'
[    0.000000] x86/fpu: xstate_offset[2]:  576, xstate_sizes[2]:  56
[    0.000000] x86/fpu: Enabled xstate features 0x7, context size is32 bytes, ung 'standard' format.
[    0.000000] e820: BIOS-provided physical RAM map:
[    0.000000] BIOS-e820: [mem 0x0000000000000000-0x000000000009fbff] usable
[    0.000000] BIOS-e820: [mem 0x000000000009fc00-0x000000000009ffff] reserved
[    0.000000] BIOS-e820: [mem 0x00000000000f0000-0x00000000000fffff] reserved
[    0.000000] BIOS-e820: [mem 0x0000000000100000-0x000000003ffeffff] usabe
[    000000] BIOS-e820: [mem 0x000000003fff0000-0x000000003fffffff] ACPI data
[    0.000000] BIOS-e820: [mem 0x00000000fec00000-0x00000000fec00fff] reserved
[    0.000000] BIOS-e820: [mem 0x00000000fee00000-0x00000000fee00fff] reserved
[    0.000000] BIOS-e820: [mem 00000000fffc0000-0x000000ffffff] reserved
[   0.000000] NX (Execute Disable potecion: active
[    0.000000] random: fast init done
[    0.000000] SMBIOS 2.5 present.
[    0.000000] DMI: innotek GmbH VirtualBox/VirtualBox, BIOS VirtualBox 12/01/2006
[    .000000] Hypervor detected: KVM
[    0.000000] e820: last_pfn = 0x3fff0 max_arch_pfn = 0x400000000
[    0.000000] MTRR: Disabled
[    0.000000] x86/PAT: MTRRs disled, skipping PAT initialization too.
[    0.000000] CPU MTRRs all blank  vrtualized system.
[    0.000000] x86/PAT: Configuration [0-7]: WB  WT  UC- UC  WB  WT  UC- UC  
[    0.000000] found SMP MP-table  [mem 0009fff0-0x0009ffff] mapped at [        (ptrval)]
[    0.000000] Scanig 1 ars for low memorcorruption[    0.0000] RAISK: [mem 0x35aed000-0x36d6dfff]
[    0.000000] ACPI: Early table checksum verification disabled
[    0.000000] ACPI: RSDP 0x00000000000E0000 000024 (v02 VBOX  )
[    0.000000] ACPI: XSDT 0x000000003FFF0030 00003C (v01 VBOX   VBOXXSDT 00000001 AL  00000061)
[    0.000000] ACPI FAC 00000003FFF00F0 0000F4 (v04 VBOX  BOXFACP 00000001 ASL  00000061)
[    0.000000] ACPI: DSDT 0x000000003FFF0470 0021FF (v02 VBOX   VBOXBIOS 00000002 INTL 20100528)
[    0.000000] ACPI: FACS 0x000000003FFF0200 000040
[    0.000000] ACPI: FACS 0x000000003FFF0200 000040
[    0.000000] ACPI: APIC 0x000000003FFF0240 00005C (v02 VBOX   VBOXAPIC 00000001 ASL  00000061)
[    0.000000] ACPI: SSDT 0x000000003FFF02A0 0001CC (v01 VBOX   VBOXCPUT 00000002 INTL 20100528)
[    0.000000] No NUMA configuration found
[    0.000000] Faking a node t [mem 0x00000000000000-0x000000003ffeffff]
[  0.0000] NO_DATA(0alloced [m 0x3ff000-0x3fffff
    0.0000] kvm-clock: cp0, msr 0:3ff401, primary cpu clock
[  0.000000] kvm-clock: Using msrs 4b564d01 and 4b564d00
[    0.000000] kv-clock: using sched ofst of 4069694399 cycls
[  0.000000] clockourc: vm-clock: mask: 0fffffffffff max_cyes: 0x142e4ff, max_idle_ns: 881590591483 ns
[    0.00000] Zoneanges:[    0.000000] DMA    [mem 00000000001000-0x000000000ffffff]
[    0.000000]   DMA32    [mem 0x0000000001000000-0x000000003ffeffff]
[    0.000000]   Normal   empty
[    0.000000]   evce   empty
[    0.00000 Movable zone start for each node
[    0.000000] Early memory node nges
[    0000000]   node 0: [m 0x000000000000-0x0000000009efff]
   000000] node   0: [mem 0x00000000100000-0x000000003ffeffff]
[  0.0000] Initmem setup node 0 [mem 0x0000000000001000-0x000000003ffeffff]
[    0.000000] Reserved but unavailable: 98 pag
[    0.000000] ACPI: PM-imr IO Prt: 0x4008
[    0.000000] IOIC[0]: apic_id 2, version 32, address 0xfec00000, GSI 0-23
[    0.000000] ACPI: INT_SRC_OVR (bus 0 bus_irq 0 global_irq 2 dfl dfl)
[    0.000000] ACPI: INT_SRC_OVR (bus 0 bus_irq 9 global_irq 9 low level)
[    0.000000] Using ACPI (MADT) for SMP configuration information
[    0.000000] smpboot: Allowing 2 CPUs, 0 hotplug CPUs
[    0.000000] PM: Registered nosave memory: [mem 0x00000000-0x00000fff]
[    0.000000] PM: Registered nosave memory: [mem 0x0009f000-0x0009ffff]
[    0.000000] PM: Registered nosave memory:[mem 0x000a0000-0x000effff]
[    0.000000] PM: Registeed nosave memory: [mem 0x000f0000-0x000fffff]
[    0.000000] e820: [mem 0x40000000-0xfebfffff] available for PCI devices
[    0.000000] Booting paravirtualized kernel on KVM
[    0.000000] clocksource: refined-jiffies: mask: 0xffffffff max_cycles: 0xffffffff, max_idle_ns: 76455100211568 ns
[    0.000000 stup_percpu: _CPUS:8192 nr_cpumask_bits:2 _cpu_id2 nr_node_ids:1
[  0.000000] pcpu: mbdded 46ages/cpu @      (ptrva s151552 r8192 d28672 u1048576
[    0.000000] PV qspinlock hash table entries: 256 (order: 0,4096 bytes)
[    0.0000] Built zonelists, mobility grouping on.  Total pages:257913
[  0.000000] Policy zone: DMA32
[    0.000000] Kernel command line: BOOT_IMAGE=/boot/vmlinuz-4.15.0-23-generic root=LABEL=cloudimg-rootfs ro console=tty1 console=ttyS0
[    0.000000] Memory: 983636K/1048120K available (12300K kernel code, 2470K rwdata, 4240K rodata, 2408K init, 2416K bss, 64484K reserved, 0K cma-reserved)
[    0.000000] SLUB: HWalign=64, Order=0-3, MinObjects=0, CPUs=2, Nodes=1
[    0.000000] Kernel/User page tables isolation: enabled
[    0.000000] ftrace: allocating 39083 entries in 153 pages
[    0.004000] Hierarchical RCU iplementation.
[    0.004000] 	RCU restricti CPUsrom R_PUS=82 to nr_cpu_ids=2.
[    0.004000] 	Tasks RCU enabled.
[    0.004000] RCU: Adjusting geometry for rcu_fanout_leaf=16, nr_cpu_ids=2
[    0.004000] NR_IRQS: 524544, nr_irqs: 440, preallocated irqs: 1
[    0.004000]onsole: colour VGA+ 80x25
[    0.004000] console [tty1] enabled
[    0.004000] console [ttyS0] enabled
[    0.004000] ACPI: Core revision 20170831
[    0.004000] ACPI: 2 ACPI AMtables successfully acquired and loaded
[    0.004000] APIC: Switch to symmetic I/O mode setup
[    0.004262] x2apic enabled
[    0.008004] Switched APIC routing to physical x2apic.
[    0.012785] ..TIMER: vector=0x30 apic1=0 pin1=2 apic2=-1 pin2=-1
[    0.016006] tsc: Detected 3095.998 MHz processor
[    0.020014] Calibrating delay loop (skipped) preset value.. 6191.99 BogoMIPS (lpj=12383992)
[    0.024009] pid_max: default: 32768 minimum: 301
[    0.025342] Security Framework initialized
[    0.028003] Yama: becoming mindful.
[    0.029010] AppArmor: AppArmor initialized
[    0.032085] Dentry cache hash table entries: 131072 (order: 8, 1048576 bytes)
[    0.036086] Inode-cache hash table entries: 65536 (order: 7, 524288 bytes)
[    0.037948] Mount-cache hash table entries: 2048 (order: 2, 16384 bytes)
[    0.040013] Mountpoint-cache hash table entries: 2048 (order: 2, 16384 bytes)
[    0.044313] CPU: Physical Processor ID: 0
[    0.048006] CPU: Processor Core ID: 0
[    0.048973] mce: CPU supports 0 MCE banks
[    0.052021] Last level iTLB entries: 4KB 64, 2MB 8, 4MB 8
[    0.053416] Last level dTLB entries: 4KB 64, 2MB 0, 4MB 0, 1GB 4
[    0.054890] Spectre V2 : Mitigation: Full generic retpoline
[    0.056007] Spectre V2 : Spectre v2 mitigation: Filling RSB on context switch
[    0.060006] Speculative Store Bypass: Vulnerable
[    0.064093] Freeing SMP alternatives memory: 36K
[    0.072000] smpboot: CPU0: Intel(R) Core(TM) i5-7267U CPU @ 3.10GHz (family: 0x6, model: 0x8e, stepping: 0x9)
[    0.072079] Performance Events: unsupported p6 CPU model 142 no PMU driver, software events only.
[    0.076100] Hierarchical SRCU implementation.
[    0.084032] NMI watchdog: Perf event create on CPU 0 failed with -2
[    0.085872] NMI watchdog: Perf NMI watchdog permanently disabled
[    0.087423] smp: Bringing up secondary CPUs ...
[    0.092081] x86: Booting SMP configuration:
[    0.096009] .... node  #0, CPUs:      #1
[    0.004000] kvm-clock: cpu 1, msr 0:3ff44041, secondary cpu clock
[    0.004000] mce: CPU supports 0 MCE banks
[    0.102998] smp: Brought up 1 node, 2 CPUs
[    0.104008] smpboot: Max logical packages: 1
[    0.108008] smpboot: Total of 2 processors activated (12383.99 BogoMIPS)
[    0.112157] devtmpfs: initialized
[    0.116058] x86/mm: Memory block size: 128MB
[    0.120150] evm: security.selinux
[    0.124009] evm: security.SMACK64
[    0.128005] evm: security.SMACK64EXEC
[    0.132004] evm: security.SMACK64TRANSMUTE
[    0.136005] evm: security.SMACK64MMAP
[    0.137047] evm: security.apparmor
[    0.140004] evm: security.ima
[    0.144006] evm: security.capability
[    0.148100] clocksource: jiffies: mask: 0xffffffff max_cycles: 0xffffffff, max_idle_ns: 7645041785100000 ns
[    0.152020] futex hash table entries: 512 (order: 3, 32768 bytes)
[    0.156097] pinctrl core: initialized pinctrl subsystem
[    0.161631] RTC time: 11:47:46, date: 06/28/18
[    0.164228] NET: Registered protocol family 16
[    0.165614] audit: initializing netlink subsys (disabled)
[    0.172010] audit: type=2000 audit(1530186462.780:1): state=initialized audit_enabled=0 res=1
[    0.292012] cpuidle: using governor ladder
[    0.296018] cpuidle: using governor menu
[    0.297190] ACPI: bus type PCI registered
[    0.300006] acpiphp: ACPI Hot Plug PCI Controller Driver version: 0.5
[    0.304131] PCI: Using configuration type 1 for base access
[    0.308872] HugeTLB registered 2.00 MiB page size, pre-allocated 0 pages
[    0.312089] ACPI: Added _OSI(Module Device)
[    0.316004] ACPI: Added _OSI(Processor Device)
[    0.316959] ACPI: Added _OSI(3.0 _SCP Extensions)
[    0.318096] ACPI: Added _OSI(Processor Aggregator Device)
[    0.320354] ACPI: Executed 1 blocks of module-level executable AML code
[    0.329799] ACPI: Interpreter enabled
[    0.332022] ACPI: (supports S0 S5)
[    0.333233] ACPI: Using IOAPIC for interrupt routing
[    0.336445] PCI: Using host bridge windows from ACPI; if necessary, use "pci=nocrs" and report a bug
[    0.340460] ACPI: Enabled 2 GPEs in block 00 to 07
[    0.356109] ACPI: PCI Root Bridge [PCI0] (domain 0000 [bus 00-ff])
[    0.360021] acpi PNP0A03:00: _OSC: OS supports [ASPM ClockPM Segments MSI]
[    0.364051] acpi PNP0A03:00: _OSC: not requesting OS control; OS requires [ExtendedConfig ASPM ClockPM MSI]
[    0.368034] acpi PNP0A03:00: fail to add MMCONFIG information, can't access extended PCI configuration space under this bridge.
[    0.372490] PCI host bridge to bus 0000:00
[    0.376007] pci_bus 0000:00: root bus resource [io  0x0000-0x0cf7 window]
[    0.380009] pci_bus 0000:00: root bus resource [io  0x0d00-0xffff window]
[    0.384010] pci_bus 0000:00: root bus resource [mem 0x000a0000-0x000bffff window]
[    0.388009] pci_bus 0000:00: root bus resource [mem 0x40000000-0xfdffffff window]
[    0.392009] pci_bus 0000:00: root bus resource [bus 00-ff]
[    0.402369] pci 0000:00:01.1: legacy IDE quirk: reg 0x10: [io  0x01f0-0x01f7]
[    0.404007] pci 0000:00:01.1: legacy IDE quirk: reg 0x14: [io  0x03f6]
[    0.408003] pci 0000:00:01.1: legacy IDE quirk: reg 0x18: [io  0x0170-0x0177]
[    0.409910] pci 0000:00:01.1: legacy IDE quirk: reg 0x1c: [io  0x0376]
[    0.427692] pci 0000:00:07.0: quirk: [io  0x4000-0x403f] claimed by PIIX4 ACPI
[    0.428040] pci 0000:00:07.0: quirk: [io  0x4100-0x410f] claimed by PIIX4 SMB
[    0.442857] ACPI: PCI Interrupt Link [LNKA] (IRQs 5 9 10 *11)
[    0.444319] ACPI: PCI Interrupt Link [LNKB] (IRQs 5 9 *10 11)
[    0.448235] ACPI: PCI Interrupt Link [LNKC] (IRQs 5 *9 10 11)
[    0.452175] ACPI: PCI Interrupt Link [LNKD] (IRQs 5 9 10 *11)
[    0.456430] SCSI subsystem initialized
[    0.460077] pci 0000:00:02.0: vgaarb: setting as boot VGA device
[    0.464000] pci 0000:00:02.0: vgaarb: VGA device added: decodes=io+mem,owns=io+mem,locks=none
[    0.464013] pci 0000:00:02.0: vgaarb: bridge control possible
[    0.468007] vgaarb: loaded
[    0.472100] ACPI: bus type USB registered
[    0.476054] usbcore: registered new interface driver usbfs
[    0.480034] usbcore: registered new interface driver hub
[    0.484048] usbcore: registered new device driver usb
[    0.488080] EDAC MC: Ver: 3.0.0
[    0.492282] PCI: Using ACPI for IRQ routing
[    0.500422] NetLabel: Initializing
[    0.504006] NetLabel:  domain hash size = 128
[    0.508177] NetLabel:  protocols = UNLABELED CIPSOv4 CALIPSO
[    0.512076] NetLabel:  unlabeled traffic allowed by default
[    0.516098] clocksource: Switched to clocksource kvm-clock
[    0.54290 V: skuotas dquot_6.6.0
[    0.727314] VFS: Dquot-cache hash table entries: 512 (order 0, 4096 bytes)
[    0729188] AppArmor: AppArmor Filesystem Enabled
[    0.764306] pnp: PnP ACPI init
[  0662] pnpPnAC: ound 3 devices
[    1.075491] clocksrce: acpi_pm: msk: 0xffffff max_cycles: 0xffffff, max_idle_ns: 2085701024 ns
[    1.163314] NET: Registered protocol family 2

[    1.168856] TCP established hash table entries: 8192 (order: 4, 65536 bytes)
[    1.171705] TCP bind hash table entries: 8192 (order: 5, 131072 bytes)
[    173518] TCP: Hash tables configured (established 8192 bind 8192)
[    1.223786] UDP hash table entries: 512 (order: 2, 16384 bytes)
[    1.225663] UDP-Lite hash table entries: 512 (order: 2, 16384 bytes)
[    1.227347] NET: Registered protocol family 1
[    1.228453] pci 0000:00:00.0: Limiting direct PCI/PCI transfers
[    1.230563] pci 0000:00:01.0: Activating ISA DMA hang workarounds
[    1.234075] pci 0000:00:02.0: Video device with shadowed ROM at [mem 0x000c0000-0x000dffff]
[    1.236216] Unpacking initramfs...

[    1.585123] Freeing initrd memory: 18948K
[    1.606265] platform rtc_cmos: registered platform RTC device (no PNP device found)
[    1.658702] Scanning for low memory corruption every 60 seconds
[    1.738936] Initialise system trusted keyrings
[    1.780764] Key type blacklist registered
[    1.818250] workingset: timestamp_bits=36 max_order=18 bucket_order=0
[    1.870916] zbud: loaded
[    1.901329] squashfs: version 4.0 (2009/01/31) Phillip Lougher
[    1.943882] fuse init (API version 7.26)
[    1.961331] Key type asymmetric registered
[    1.962162] Asymmetric key parser 'x509' registered
[    1.963131] Block layer SCSI generic (bsg) driver version 0.4 loaded (major 246)
[    1.964667] io scheduler noop registered
[    1.965427] io scheduler deadline registered
[    1.966484] io scheduler cfq registered (default)
[    1.967911] ACPI: AC Adapter [AC] (off-line)
[    1.975179] input: Power Button as /devices/LNXSYSTM:00/LNXPWRBN:00/input/input0
[    2.015904] ACPI: Power Button [PWRF]
[    2.032604] input: Sleep Button as /devices/LNXSYSTM:00/LNXSLPBN:00/input/input1
[    2.056483] ACPI: Sleep Button [SLPF]
[    2.062248] ACPI: Battery Slot [BAT0] (battery present)
[    2.064638] Serial: 8250/16550 driver, 32 ports, IRQ sharing enabled
[    2.093063] 00:02: ttyS0 at I/O 0x3f8 (irq = 4, base_baud = 115200) is a 16550A
[    2.096583] Linux agpgart interface v0.103
[    2.099633] loop: module loaded
[    2.160335] scsi host0: ata_piix
[    2.192153] scsi host1: ata_piix
[    2.193053] ata1: PATA max UDMA/33 cmd 0x1f0 ctl 0x3f6 bmdma 0xd000 irq 14
[    2.194772] ata2: PATA max UDMA/33 cmd 0x170 ctl 0x376 bmdma 0xd008 irq 15
[    2.196604] libphy: Fixed MDIO Bus: probed
[    2.204250] tun: Universal TUN/TAP device driver, 1.6
[    2.260460] PPP generic driver version 2.4.2
[    2.362665] ehci_hcd: USB 2.0 'Enhanced' Host Controller (EHCI) Driver
[    2.439953] ehci-pci: EHCI PCI platform driver
[    2.441190] ehci-platform: EHCI generic platform driver
[    2.442535] ohci_hcd: USB 1.1 'Open' Host Controller (OHCI) Driver
[    2.480327] ohci-pci: OHCI PCI platform driver
[    2.559932] ohci-platform: OHCI generic platform driver
[    2.561482] uhci_hcd: USB Universal Host Controller Interface driver
[    2.563484] i8042: PNP: PS/2 Controller [PNP0303:PS2K,PNP0f03:PS2M] at 0x60,0x64 irq 1,12
[    2.579839] serio: i8042 KBD port at 0x60,0x64 irq 1
[    2.622669] tsc: Refined TSC clocksource calibration: 3097.918 MHz
[    2.622676] clocksource: tsc: mask: 0xffffffffffffffff max_cycles: 0x2ca799365b5, max_idle_ns: 440795304289 ns
[    2.643631] serio: i8042 AUX port at 0x60,0x64 irq 12
[    2.652018] mousedev: PS/2 mouse device common for all mice
[    2.661305] input: AT Translated Set 2 keyboard as /devices/platform/i8042/serio0/input/input2
[    2.676855] rtc_cmos rtc_cmos: rtc core: registered rtc_cmos as rtc0
[    2.689319] rtc_cmos rtc_cmos: alarms up to one day, 114 bytes nvram
[    2.697979] i2c /dev entries driver
[    2.700764] device-mapper: uevent: version 1.0.3
[    2.713613] device-mapper: ioctl: 4.37.0-ioctl (2017-09-20) initialised: dm-devel@redhat.com
[    2.732241] ledtrig-cpu: registered to indicate activity on CPUs
[    2.780217] NET: Registered protocol family 10
[    2.831846] Segment Routing with IPv6
[    2.870119] NET: Registered protocol family 17
[    2.929701] Key type dns_resolver registered
[    2.970633] RAS: Correctable Errors collector initialized.
[    3.059419] sched_clock: Marking stable (3059368722, 0)->(13219492474, -10160123752)
[    3.156918] registered taskstats version 1
[    3.170650] Loading compiled-in X.509 certificates
[    3.227387] Loaded X.509 cert 'Build time autogenerated kernel key: d77482c25b833df502ed38a87c5d7f330fdff3cb'
[    3.309994] zswap: loaded using pool lzo/zbud
[    3.382436] Key type big_key registered
[    3.516546] Key type trusted registered
[    3.606449] Key type encrypted registered
[    3.636175] AppArmor: AppArmor sha1 policy hashing enabled
[    3.639305] ima: No TPM chip found, activating TPM-bypass! (rc=-19)
[    3.715738] evm: HMAC attrs: 0x1
[    3.738016]   Magic number: 6:506:783
[    3.772913] rtc_cmos rtc_cmos: setting system clock to 2018-06-28 11:47:51 UTC (1530186471)
[    3.786053] BIOS EDD facility v0.16 2004-Jun-25, 0 devices found
[    3.790976] EDD information not available.
[    3.809783] Freeing unused kernel memory: 2408K
[    3.820505] Write protecting the kernel read-only data: 20480k
[    3.826579] Freeing unused kernel memory: 2008K
[    3.841113] Freeing unused kernel memory: 1904K
[    3.850882] x86/mm: Checked W+X mappings: passed, no W+X pages found.
[    3.868843] x86/mm: Checking user space page tables
[    3.923421] x86/mm: Checked W+X mappings: passed, no W+X pages found.
Loading, please wait...
starting version 237
[    4.000521] Fusion MPT base driver 3.04.20
[    4.001508] Copyright (c) 1999-2008 LSI Corporation
[    4.003902] e1000: Intel(R) PRO/1000 Network Driver - version 7.3.21-k8-NAPI
[    4.005481] e1000: Copyright (c) 1999-2006 Intel Corporation.
[    4.008541] Fusion MPT SPI Host driver 3.04.20
[    4.012058] mptbase: ioc0: Initiating bringup
[    4.031957] AVX2 version of gcm_enc/dec engaged.
[    4.033359] AES CTR mode by8 optimization enabled
[    4.109879] ioc0: LSI53C1030 A0: Capabilities={Initiator}
[    4.224905] input: ImExPS/2 Generic Explorer Mouse as /devices/platform/i8042/serio1/input/input4
[    4.432486] scsi host2: ioc0: LSI53C1030 A0, FwRev=00000000h, Ports=1, MaxQ=256, IRQ=20
[    4.603406] scsi 2:0:0:0: Direct-Access     VBOX     HARDDISK         1.0  PQ: 0 ANSI: 5
[    5.114580] scsi target2:0:0: Beginning Domain Validation
[    5.442183] scsi target2:0:0: Domain Validation skipping write tests
[    5.443798] scsi target2:0:0: Ending Domain Validation
[    5.446165] scsi target2:0:0: asynchronous
[    5.449907] scsi 2:0:1:0: Direct-Access     VBOX     HARDDISK         1.0  PQ: 0 ANSI: 5
[    5.729432] scsi target2:0:1: Beginning Domain Validation
[    5.754553] scsi target2:0:1: Domain Validation skipping write tests
[    5.755859] scsi target2:0:1: Ending Domain Validation
[    5.757030] scsi target2:0:1: asynchronous
[    5.763122] sd 2:0:0:0: Attached scsi generic sg0 type 0
[    5.764664] sd 2:0:1:0: Attached scsi generic sg1 type 0
[    5.766263] sd 2:0:0:0: [sda] 20971520 512-byte logical blocks: (10.7 GB/10.0 GiB)
[    5.766339] sd 2:0:1:0: [sdb] 20480 512-byte logical blocks: (10.5 MB/10.0 MiB)
[    5.766409] sd 2:0:1:0: [sdb] Write Protect is off
[    5.766579] sd 2:0:1:0: [sdb] Incomplete mode parameter data
[    5.766580] sd 2:0:1:0: [sdb] Assuming drive cache: write through
[    5.768208] sd 2:0:1:0: [sdb] Attached SCSI disk
[    5.849781] e1000 0000:00:03.0 eth0: (PCI:33MHz:32-bit) 02:90:53:39:32:0e
[    5.849785] e1000 0000:00:03.0 eth0: Intel(R) PRO/1000 Network Connection
[    5.862149] e1000 0000:00:03.0 enp0s3: renamed from eth0
[    5.989481] sd 2:0:0:0: [sda] Write Protect is off
[    5.991237] sd 2:0:0:0: [sda] Incomplete mode parameter data
[    5.992588] sd 2:0:0:0: [sda] Assuming drive cache: write through
[    5.997257]  sda: sda1
[    6.003084] sd 2:0:0:0: [sda] Attached SCSI disk
Begin: Loading essential drivers ... [    7.468031] raid6: sse2x1   gen() 11763 MB/s
[    7.585295] raid6: sse2x1   xor()  8869 MB/s
[    7.676073] raid6: sse2x2   gen() 13798 MB/s
[    7.776475] raid6: sse2x2   xor()  9201 MB/s
[    7.888859] raid6: sse2x4   gen() 16400 MB/s
[    7.960211] raid6: sse2x4   xor() 10345 MB/s
[    8.066666] raid6: avx2x1   gen() 24321 MB/s
[    8.188232] raid6: avx2x1   xor() 15195 MB/s
[    8.260101] raid6: avx2x2   gen() 20288 MB/s
[    8.308071] raid6: avx2x2   xor() 10749 MB/s
[    8.408058] raid6: avx2x4   gen() 30992 MB/s
[    8.548552] raid6: avx2x4   xor() 20058 MB/s
[    8.593159] raid6: using algorithm avx2x4 gen() 30992 MB/s
[    8.669659] raid6: .... xor() 20058 MB/s, rmw enabled
[    8.670939] raid6: using avx2x2 recovery algorithm
[    8.719277] xor: automatically using best checksumming function   avx       
[    8.761188] async_tx: api initialized (async)
done.
Begin: Running /scripts/init-premount ... done.
Begin: Mounting root file system ... Begin: Running /scripts/local-top ... done.
Begin: Running /scripts/local-premount ... [    8.811745] Btrfs loaded, crc32c=crc32c-intel
Scanning for Btrfs filesystems
done.
Warning: fsck no[    8.841579] EXT4-fs (sda1): mounted filesystem with ordered data mode. Opts: (null)
t present, so skipping root file system
done.
Begin: Running /scripts/local-bottom ... done.
Begin: Running /scripts/init-bottom ... done.
[    9.068938] ip_tables: (C) 2000-2006 Netfilter Core Team
[    9.078339] systemd[1]: systemd 237 running in system mode. (+PAM +AUDIT +SELINUX +IMA +APPARMOR +SMACK +SYSVINIT +UTMP +LIBCRYPTSETUP +GCRYPT +GNUTLS +ACL +XZ +LZ4 +SECCOMP +BLKID +ELFUTILS +KMOD -IDN2 +IDN -PCRE2 default-hierarchy=hybrid)
[    9.763566] systemd[1]: Detected virtualization oracle.
[   10.761272] systemd[1]: Detected architecture x86-64.

Welcome to [1mUbuntu 18.04 LTS[0m!

[   10.804557] systemd[1]: Set hostname to <ubuntu>.
[   11.797308] systemd[1]: Initializing machine ID from random generator.
[   12.402502] systemd[1]: Installed transient /etc/machine-id file.
[   13.032773] systemd[1]: Reached target Swap.
[[0;32m  OK  [0m] Reached target Swap.
[   13.036433] systemd[1]: Created slice User and Session Slice.
[[0;32m  OK  [0m] Created slice User and Session Slice.
[   13.776735] systemd[1]: Set up automount Arbitrary Executable File Formats File System Automount Point.
[[0;32m  OK  [0m] Set up automount Arbitrary Executabâ€¦rmats File System Automount Point.
[   13.808953] systemd[1]: Created slice System Slice.
[[0;32m  OK  [0m] Created slice System Slice.
[   14.085422] systemd[1]: Listening on Journal Socket.
[[0;32m  OK  [0m] Listening on Journal Socket.
[   14.847232] systemd[1]: Mounting POSIX Message Queue File System...
         Mounting POSIX Message Queue File System...
[   14.878344] systemd[1]: Listening on LVM2 metadata daemon socket.
[[0;32m  OK  [0m] Listening on LVM2 metadata daemon socket.
[   14.900248] systemd[1]: Listening on udev Control Socket.
[[0;32m  OK  [0m] Listening on udev Control Socket.
[   14.927474] systemd[1]: Starting Set the console keyboard layout...
         Starting Set the console keyboard layout...
[   14.961934] systemd[1]: Listening on Device-mapper event daemon FIFOs.
[[0;32m  OK  [0m] Listening on Device-mapper event daemon FIFOs.
[   15.018674] systemd[1]: Mounting Huge Pages File System...
         Mounting Huge Pages File System...
[   15.040470] systemd[1]: Listening on Journal Audit Socket.
[[   15.109660] random: crng init done
[0;32m  OK  [0m] Listening on Journal Audit Socket.
[   15.120991] systemd[1]: Listening on /dev/initctl Compatibility Named Pipe.
[[0;32m  OK  [0m] Listening on /dev/initctl Compatibility Named Pipe.
[   15.124868] systemd[1]: Listening on udev Kernel Socket.
[[0;32m  OK  [0m] Listening on udev Kernel Socket.
         Starting udev Coldplug all Devices...
         Mounting Kernel Debug File System...
[[0;32m  OK  [0m] Listening on LVM2 poll daemon socket.
[[0;32m  OK  [0m] Created slice system-serial\x2dgetty.slice.
         Starting Uncomplicated firewall...
[[0;32m  OK  [0m] Reached target System Time Synchronized.
         Starting Remount Root and Kernel File Systems...[   15.206447] EXT4-fs (sda1): re-mounted. Opts: (null)

         Starting Load Kernel Modules...
[[0;32m  OK  [0m] Listening on Syslog Socket.
[[0;32m  OK  [0m] Started Forward Password Requests to Wall Directory Watch.
[   15.297247] Loading iSCSI transport class v2.0-870.
         Starting Create list of[   15.304105] iscsi: registered transport (tcp)
 required stâ€¦ce nodes for the current kernel...
[[0;32m  OK  [0m] Reached target User and Group Name Lookups.
[[0;32m  OK  [0m] Listening on Network Service Netlink Socket.
[[0;32m  OK  [0m] Reached target Slices.
[[0;32m  OK  [0m] Listening on Journal Socket (/dev/log).
         Starting Journal Service...
         Starting Monitoring of LVM2 mirrorsâ€¦ng dmeventd or progress polling...
[[0;32m  OK  [0m] Mounted POSIX Message Queue File System.
[[0;32m  OK  [0[   15.353585] iscsi: registered transport (iser)
m] Started Set the console keyboard layout.
[[0;32m  OK  [0m] Mounted Huge Pages File System.
[[0;32m  OK  [0m] Mounted Kernel Debug File System.
[[0;32m  OK  [0m] Started Uncomplicated firewall.
[[0;32m  OK  [0m] Started Remount Root and Kernel File Systems.
[[0;32m  OK  [0m] Started Load Kernel Modules.
[[0;32m  OK  [0m] Started Create list of required staâ€¦vice nodes for the current kernel.
[[0;32m  OK  [0m] Started LVM2 metadata daemon.
         Starting Create Static Device Nodes in /dev...
         Starting Apply Kernel Variables...
         Mounting Kernel Configuration File System...
         Mounting FUSE Control File System...
         Starting Initial cloud-init job (pre-networking)...
         Starting Load/Save Random Seed...
[[0;32m  OK  [0m] Started Journal Service.
[[0;32m  OK  [0m] Started Monitoring of LVM2 mirrors,â€¦sing dmeventd or progress polling.
[[0;32m  OK  [0m] Started udev Coldplug all Devices.
[[0;32m  OK  [0m] Mounted Kernel Configuration File System.
[[0;32m  OK  [0m] Started Apply Kernel Variables.
[[0;32m  OK  [0m] Mounted FUSE Control File System.
[[0;32m  OK  [0m] Started Load/Save Random Seed.
         Starting Flush Journal to Persistent Storage...
[[0;32m  OK  [0m] Started Flush Journal to Persistent Storage.
[[0;32m  OK  [0m] Started Create Static Device Nodes in /dev.
[[0;32m  OK  [0m] Reached target Local File Systems (Pre).
[[0;32m  OK  [0m] Reached target Local File Systems.
         Starting AppArmor initialization...
         Starting Commit a transient machine-id on disk...
         Starting Set console font and keymap...
         Starting Tell Plymouth To Write Out Runtime Data...
         Starting ebtables ruleset management...
         Starting udev Kernel Device Manager...
         Starting Create Volatile Files and Directories...
[[0;32m  OK  [0m] Started Tell Plymouth To Write Out Runtime Data.
[[0;32m  OK  [0m] Started Set console font and keymap.
[[0;32m  OK  [0m] Started udev Kernel Device Manager.
[[0;32m  OK  [0m] Started Create Volatile Files and Directories.
         Starting Update UTMP about System Boot/Shutdown...
[[0;32m  OK  [0m] Started Dispatch Password Requests to Console Directory Watch.
[[0;32m  OK  [0m] Reached target Local Encrypted Volumes.
[[0;32m  OK  [0m] Started Update UTMP about System Boot/Shutdown.
[[0;32m  OK  [0m] Started Commit a transient machine-id on disk.
[[0;32m  OK  [0m] Started ebtables ruleset management.
[[0;32m  OK  [0m] Found device /dev/ttyS0.
[[0;32m  OK  [0m] Listening on Load/Save RF Kill Switch Status /dev/rfkill Watch.
[   17.348525] cloud-init[422]: Cloud-init v. 18.2 running 'init-local' at Thu, 28 Jun 2018 11:48:04 +0000. Up 16.77 seconds.
[[0;32m  OK  [0m] Started Initial cloud-init job (pre-networking).
[[0;32m  OK  [0m] Reached target Network (Pre).
         Starting Network Service...
[[0;32m  OK  [0m] Started Network Service.
[[0;32m  OK  [0m] Started AppArmor initialization.
         Starting Wait for Network to be Configured...
         Starting Network Name Resolution...
[[0;32m  OK  [0m] Started Network Name Resolution.
[[0;32m  OK  [0m] Reached target Host and Network Name Lookups.
[[0;32m  OK  [0m] Reached target Network.
[[0;32m  OK  [0m] Started Wait for Network to be Configured.
         Starting Initial cloud-init job (metadata service crawler)...
[   20.432373] cloud-init[692]: Cloud-init v. 18.2 running 'init' at Thu, 28 Jun 2018 11:48:07 +0000. Up 19.53 seconds.
[   20.468338] cloud-init[692]: ci-info: ++++++++++++++++++++++++++++++++++++++Net device info++++++++++++++++++++++++++++++++++++++
[[0;32m  OK  [0m] Started Initial cloud-init job (metadata service crawler).
[[0;32m  OK  [0m] Reached target Cloud-config availability.
[[0;32m  OK  [0m] Reached target Network is Online.
[   20.509099] cloud-init[692]: ci-info: +--------+------+----------------------------+---------------+--------+-------------------+
         Starting iSCSI initiator daemon (iscsid)...
[[0;32m  OK  [0m] Reached target System Initialization.
[[0;32m  OK  [0m] Listening on UUID daemon activation socket.
[   20.626444]          Starting Socket activation for snappy daemon.
[[0;32m  OK  [0m] Started Daily apt download activities.
[[0;32m  OK  [0m] Started Message of the Day.
[[0;32m  OK  [0m] Listening on D-Bus System Message Bus Socket.
[[0;32m  OK  [0m] Started Daily Cleanup of Temporary Directories.
[[0;32m  OK  [0m] Started ACPI Events Check.
[[0;32m  OK  [0m] Reached target Paths.
[[0;32m  OK  [0m] Started Daily apt upgrade and clean activities.
[[0;32m  OK  [0m] Started Discard unused blocks once a week.
[[0;32m  OK  [0m] Reached target Timers.
cloud-init[692]: ci-info: | Device |  Up  |          Address           |      Mask     | Scope  |     Hw-Address    |
[   20.777147]          Starting LXD - unix socket.
[[0;32m  OK  [0m] Listening on ACPID Listen Socket.
cloud-init[692]: ci-info: +--------+------+----------------------------+---------------+--------+-------------------+
[[0;32m  OK  [0m] Listening on Socket activation for snappy daemon.
[[0;32m  OK  [0m] Listening on LXD - unix socket.
[[0;32m  OK  [0m] Started iSCSI initiator daemon (iscsid).
[   20.792058] cloud-init[692]: ci-info: | enp0s3 | True |         10.0.2.15          | 255.255.255.0 | global | 02:90:53:39:32:0e |
         Starting Availability of block devices...
[[0;32m  OK  [0m] Reached target Remote File Systems (Pre).
[[0;32m  OK  [0m] Reached target Remote File Systems.
[[0;32m  OK  [0m] Reached target Sockets.
[[0;32m  OK  [0m] Reached target Basic System.
[   20.850830] cloud-init[692]: ci-info: | enp0s3 | True | fe80::90:53ff:fe39:320e/64 |       .       |  link  | 02:90:53:39:32:0e |
[[0;32m  OK  [0m] Started Regular background program processing daemon.
[   20.961102] cloud-init         Starting Permit User Sessions...
[[0;32m  OK  [0m] Started Deferred execution scheduler.
         Starting Accounts Service...
[692]:          Starting Login Service...
ci-info: |   lo   | True |         127.0.0.1          |   255.0.0.0   |  host  |         .         |
[   20.988121] cloud-init[692]: ci-info: |   lo   | True |          ::1/128           |       .       |  host  |         .         |
[   20.991558] cloud-init[692]: ci-info: +--------+------+----------------------------+---------------+--------+-------------------+
[   20.995181] cloud-init[692]: ci-info: ++++++++++++++++++++++++++++Route IPv4 info+++++++++++++++++++++++++++++
         Starting Snappy daemon...
[[0;32m  OK  [0m] Started FUSE filesystem for LXC.
         Starting Virtualbox guest utils...
         Starting System Logging Service...
         Starting LSB: Record successful boot for GRUB...
[   21.020720] cloud-init[692]: ci-info: +-------+-------------+----------+-----------------+-----------+-------+
[   21.024464] cloud-init[692]: ci-info: | Route | Destination | Gateway  |     Genmask     | Interface | Flags |
[   21.028537] cloud-init[692]: ci-info: +-------+-------------+----------+-----------------+-----------+-------+
[   21.033655] cloud-init[692]: ci-info: |   0   |   0.0.0.0   | 10.0.2.2 |     0.0.0.0     |   enp0s3  |   UG  |
[   21.036359] cloud-init[692]: ci-info: |   1   |   10.0.2.0  | 0.0.0.0  |  255.255.255.0  |   enp0s3  |   U   |
[   21.060500] cloud-init[692]: ci-info: |   2   |   10.0.2.2  | 0.0.0.0  | 255.255.255.255 |   enp0s3  |   UH  |
[   21.096211] cloud-init[692]: ci-info: +-------+-------------+----------+-----------------+-----------+-------+
[   21.098794] cloud-init[692]: ci-info: +++++++++++++++++++Route IPv6 info+++++++++++++++++++
[[0;32m  OK  [0m] Started irqbalance daemon.
[   21.116624] cloud-init[692]: ci-info: +-------+-------------+---------+-----------+-------+
[   21.133710] cloud-init[692]: ci-info: | Route | Destination | Gateway | Interface | Flags |
[   21.149016] cloud-init[692]: ci-info: +-------+-------------+---------+-----------+-------+
         Starting Pollinate to seed the pseudo random number generator...
[   21.176832] cloud-init[692]:          Starting Apply the settings specified in cloud-config...
ci-info: |   1   |  fe80::/64  |    ::   |   enp0s3  |   U   |
         Starting Dispatcher daemon for systemd-networkd...
[   21.219072] cloud-init         Starting LSB: automatic crash report generation...
[[0;32m  OK  [0m] Started D-Bus System Message Bus.
[692]: ci-info: |   3   |    local    |    ::   |   enp0s3  |   U   |
[   21.237975] cloud-init[692]: ci-info: |   4   |   ff00::/8  |    ::   |   enp0s3  |   U   |
[   21.241329] cloud-init[692]: ci-info: +-------+-------------+---------+-----------+-------+
[   21.246927] cloud-init[692]: Generating public/private rsa key pair.
[   21.252982] cloud-init[692]: Your identification has been saved in /etc/ssh/ssh_host_rsa_key.
[   21.265477] cloud-init[692]: Your public key has been saved in /etc/ssh/ssh_host_rsa_key.pub.
[   21.269735] cloud-init[692]: The key fingerprint is:
[[0;32m  OK  [0m] Started Login Service.
[   21.303577] cloud-init[692]: SHA256:tgOx4BFX/Iv7hR3sm4wMc0yB6QLQy+ZU5iskqdhGNnA root@ubuntu-bionic
         Starting LXD - container startup/shutdown...
[   21.312454] cloud-init[692]: The key's randomart image is:[[0;32m  OK  [0m] Started System Logging Service.
[[0;32m  OK  [0m] Started Snappy daemon.
[[0;32m  OK  [0m] Started Availability of block devices.
[[0;32m  OK  [0m] Started Permit User Sessions.

[   21.319584] cloud-init[692]: +---[RSA 2048]----+
         Starting Hold until boot process finishes up...
         Starting Terminate Plymouth Boot Screen...
         Starting Wait until snapd is fully seeded...
[   21.335263] cloud-init[692]: |  ... .o.        |
[   21.338663] cloud-init[692]: |. E..oo .o       |
[   21.343053] cloud-init[692]: | o o+=. o..      |
[   21.351421] cloud-init[692]: |  *.*+.+  .o     |
[   21.371433] cloud-init[692]: |.= B. +.S...o    |
[   21.393593] cloud-init[692]: |o o o .+.+.+ .   |
[   21.395349] cloud-init[692]: | .   .  =.+ +    |
[   21.397036] cloud-init[692]: |        .* + o   |
[   21.399544] cloud-init[692]: |         .+ +    |
[[0;32m  OK  [0m] Started Hold until boot process finishes up.
[   21.406952] [[0;32m  OK  [0m] Started Terminate Plymouth Boot Screen.
cloud-init[[0;32m  OK  [0m] Started Serial Getty on ttyS0.
         Starting Set console scheme...
         Starting Authorization Manager...
[692]: +----[SHA256]-----+
[   21.414157] cloud-init[692]: Generating public/private dsa key pair.
[   21.424989] cloud-init[692]: Your identification has been saved in /etc/ssh/ssh_host_dsa_key.
[   21.428632] cloud-init[692]: Your public key has been saved in /etc/ssh/ssh_host_dsa_key.pub.
[   21.456510] [[0;32m  OK  [0m] Started LSB: automatic crash report generation.
cloud-init[692]: The key fingerprint is:
[[0;32m  OK  [0m] Started Authorization Manager.
[   21.523155] [[0;32m  OK  [0m] Started Set console scheme.
[[0;32m  OK  [0m] Started Accounts Service.
[[0;32m  OK  [0m] Created slice system-getty.slice.
[[0;32m  OK  [0m] Started Getty on tty1.
[[0;32m  OK  [0m] Reached target Login Prompts.
cloud-init[692]: SHA256:fK0D+i8i3fnO5g/nB8/btqgMnluNJv+v2UQ4TSA8QlY root@ubuntu-bionic
[   21.533506] cloud-init[692]: The key's randomart image is:
[   21.537655] cloud-init[692]: +---[DSA 1024]----+
[   21.539279] cloud-init[692]: |        .ooE .   |
[   21.541397] cloud-init[692]: |        .. o. .  |
[   21.544294] cloud-init[692]: |          . .  . |
[   21.559000] cloud-init[692]: |       .   .  +  |
[   21.569262] cloud-init[692]: |        S . .o o |
[[0;32m  OK  [0m] Started LXD - container startup/shutdown.
[   21.700567] cloud-init[692]: |       . o .+ o  |
[[0;32m  OK  [0m] Started LSB: Record successful boot for GRUB.
[   21.713538] cloud-init[692]: |     ... +++.= . |
[   21.721112] cloud-init[692]: |    . o.=.X=  O..|
[   21.729439] cloud-init[692]: |     . ..@B==*+*o|
[[0;32m  OK  [0m] Started Virtualbox guest utils.
[   21.745477] cloud-init[692]: +----[SHA256]-----+
[   21.761192] cloud-init[692]: Generating public/private ecdsa key pair.
[   21.776553] cloud-init[692]: Your identification has been saved in /etc/ssh/ssh_host_ecdsa_key.
[[0;32m  OK  [0m] Started Dispatcher daemon for systemd-networkd.
[   21.831780] cloud-init[692]: Your public key has been saved in /etc/ssh/ssh_host_ecdsa_key.pub.
[   21.863398] cloud-init[692]: The key fingerprint is:
[   21.865196] cloud-init[692]: SHA256:slcMsGF81T4/uF9c4YJqYcdGq+EZn6tx6Joo3IM7d1w root@ubuntu-bionic
[   21.893387] cloud-init[692]: The key's randomart image is:
[   21.944230] cloud-init[692]: +---[ECDSA 256]---+
[   21.945437] cloud-init[692]: |     .+  ...     |
[   21.957489] cloud-init[692]: |     ..+.   .    |
[   21.983238] cloud-init[692]: |      ...  o   . |
[   22.000165] cloud-init[692]: |         oo = . .|
[   22.001382] cloud-init[692]: |      . S=o* = ..|
[   22.020414] cloud-init[692]: |       ooE% o +..|
[   22.028455] cloud-init[692]: |  . o o oO + . .o|
[   22.037484] cloud-init[692]: |   = +.++ o o  . |
[   22.038818] cloud-init[692]: |   .=.oo.o.. ..  |
[   22.040082] cloud-init[692]: +----[SHA256]-----+
[   22.041195] cloud-init[692]: Generating public/private ed25519 key pair.
[   22.042825] cloud-init[692]: Your identification has been saved in /etc/ssh/ssh_host_ed25519_key.
[   22.056292] cloud-init[692]: Your public key has been saved in /etc/ssh/ssh_host_ed25519_key.pub.
[   22.101005] cloud-init[692]: The key fingerprint is:
[   22.112968] cloud-init[692]: SHA256:4tAiFmKflsCvA6a5hvP6fs3rhNV2uvWr8md7Gm1MIis root@ubuntu-bionic
[   22.129066] cloud-init[692]: The key's randomart image is:
[   22.136021] cloud-init[692]: +--[ED25519 256]--+
[   22.141590] cloud-init[692]: |                 |
[   22.155239] cloud-init[692]: |.                |
[   22.159248] cloud-init[692]: |.+.              |
[   22.168611] cloud-init[692]: |..+.o. .         |
[   22.171269] cloud-init[692]: |..o*o + S o . .  |
[   22.173402] cloud-init[692]: |+oo. * o o o =   |
[   22.175329] cloud-init[692]: |+o  .oo E o . +  |
[   22.177375] cloud-init[692]: |oo. ..o .+ .oo.  |
[   22.179143] cloud-init[692]: |+*+. .o..oo+==   |
[   22.205285] cloud-init[692]: +----[SHA256]-----+
[   22.468195] cloud-init[965]: Cloud-init v. 18.2 running 'modules:config' at Thu, 28 Jun 2018 11:48:09 +0000. Up 21.84 seconds.
[[0;32m  OK  [0m] Started Apply the settings specified in cloud-config.
[[0;32m  OK  [0m] Started Pollinate to seed the pseudo random number generator.
         Starting OpenBSD Secure Shell server...
[[0;32m  OK  [0m] Started OpenBSD Secure Shell server.
[[0;32m  OK  [0m] Created slice User Slice of vagrant.
         Starting User Manager for UID 1000...
[[0;32m  OK  [0m] Started Session 1 of user vagrant.
[[0;32m  OK  [0m] Started User Manager for UID 1000.
[[0;32m  OK  [0m] Started Wait until snapd is fully seeded.
[[0;32m  OK  [0m] Reached target Multi-User System.
         Starting Execute cloud user/final scripts...
[[0;32m  OK  [0m] Reached target Graphical Interface.
         Starting Update UTMP about System Runlevel Changes...
[[0;32m  OK  [0m] Started Update UTMP about System Runlevel Changes.
ci-info: no authorized ssh keys fingerprints found for user ubuntu.
<14>Jun 28 11:48:13 ec2: 
<14>Jun 28 11:48:13 ec2: #############################################################
<14>Jun 28 11:48:13 ec2: -----BEGIN SSH HOST KEY FINGERPRINTS-----
<14>Jun 28 11:48:13 ec2: 1024 SHA256:fK0D+i8i3fnO5g/nB8/btqgMnluNJv+v2UQ4TSA8QlY root@ubuntu-bionic (DSA)
<14>Jun 28 11:48:13 ec2: 256 SHA256:slcMsGF81T4/uF9c4YJqYcdGq+EZn6tx6Joo3IM7d1w root@ubuntu-bionic (ECDSA)
<14>Jun 28 11:48:13 ec2: 256 SHA256:4tAiFmKflsCvA6a5hvP6fs3rhNV2uvWr8md7Gm1MIis root@ubuntu-bionic (ED25519)
<14>Jun 28 11:48:13 ec2: 2048 SHA256:tgOx4BFX/Iv7hR3sm4wMc0yB6QLQy+ZU5iskqdhGNnA root@ubuntu-bionic (RSA)
<14>Jun 28 11:48:13 ec2: -----END SSH HOST KEY FINGERPRINTS-----
<14>Jun 28 11:48:13 ec2: #############################################################
-----BEGIN SSH HOST KEY KEYS-----
ecdsa-sha2-nistp256 AAAAE2VjZHNhLXNoYTItbmlzdHAyNTYAAAAIbmlzdHAyNTYAAABBBNl5g6nBeNehHwHmXpSbQYvLAgFXfhieQspvIbhVBsdGq7Pj19xMyvkgj9PJZkgUO7vza6UsHqrAsubb2e8qUd0= root@ubuntu-bionic
ssh-ed25519 AAAAC3NzaC1lZDI1NTE5AAAAIN543N1MaTsoSmlyuUT6ONteG8WysIfHxyv1lMTrL+Rj root@ubuntu-bionic
ssh-rsa AAAAB3NzaC1yc2EAAAADAQABAAABAQCx7pAVLSeKpPI7uFvnFG2667sgUkXcLTbWX/HsFH8Qshl9F4B0BXOk7AHC8S1FiRnfUV7FLfQjWw/hM7K/5tN/Xtojg0mvfjFQoovC8VTONUIttjl06truDi/hflzpDvOmke2kfs3ziTaaxoCG+NY/wS2y5QQhSnFflbkxsBHhvrX3LAQXr1q8KKTnKyIwNKeNyQRmd961A0/tdZQ/qlKQLajOE9dVMty+3+n5TjhDldrdhcCm+tvuYfhKnQcE3q0OMXtAp1C0XOizW8DXSSbo0Bx0z8TbMn8YTZQ2A/SlP8q1bwU4eHeXiCCbDDjklcbfNrKpplZ1e9jgjQoawUcj root@ubuntu-bionic
-----END SSH HOST KEY KEYS-----
[   25.638889] cloud-init[1301]: Cloud-init v. 18.2 running 'modules:final' at Thu, 28 Jun 2018 11:48:12 +0000. Up 25.23 seconds.
[   25.643399] cloud-init[1301]: ci-info: no authorized ssh keys fingerprints found for user ubuntu.
[   25.647471] cloud-init[1301]: Cloud-init v. 18.2 finished at Thu, 28 Jun 2018 11:48:13 +0000. Datasource DataSourceNoCloud [seed=/dev/sdb][dsmode=net].  Up 25.62 seconds
[[0;32m  OK  [0m] Started Execute cloud user/final scripts.
[[0;32m  OK  [0m] Reached target Cloud-init target.

Ubuntu 18.04 LTS ubuntu-bionic ttyS0

ubuntu-bionic login: 